============================================================
  岱境235 V2.4 鲲鹏实机压测结果 (常规配置)
============================================================
  目标地址     : http://127.0.0.1:9811 (Leader: node-2)
  并发数       : 500 goroutines
  持续时间     : 2m0s
  写入比例     : 20% (POST /raft/append_entries)
  读取比例     : 80% (GET /raft/status, /health/*, /latency/*)
  执行时间     : 2026-08-25 08:43:02
  服务器       : 172.38.3.147 (鲲鹏 aarch64, 4核6.5GB)
============================================================

[进度] 10s | 总请求=353197 (写=70436 读=282761) | 吞吐=35296 req/s | 错误=70436 | 错误率=19.9424%
[进度] 20s | 总请求=706766 (写=141156 读=565610) | 吞吐=35338 req/s | 错误=141156 | 错误率=19.9721%
[进度] 30s | 总请求=1067578 (写=213321 读=854257) | 吞吐=35586 req/s | 错误=213321 | 错误率=19.9818%
[进度] 40s | 总请求=1434023 (写=286612 读=1147411) | 吞吐=35828 req/s | 错误=286612 | 错误率=19.9866%
[进度] 50s | 总请求=1798949 (写=359582 读=1439367) | 吞吐=35978 req/s | 错误=359582 | 错误率=19.9884%
[进度] 1m0s | 总请求=2153319 (写=430467 读=1722852) | 吞吐=35888 req/s | 错误=430467 | 错误率=19.9909%
[进度] 1m10s | 总请求=2553800 (写=510562 读=2043238) | 吞吐=36479 req/s | 错误=510562 | 错误率=19.9922%
[进度] 1m20s | 总请求=2932579 (写=586312 读=2346267) | 吞吐=36657 req/s | 错误=586312 | 错误率=19.9931%
[进度] 1m30s | 总请求=3282163 (写=656233 读=2625930) | 吞吐=36468 req/s | 错误=656233 | 错误率=19.9939%
[进度] 1m40s | 总请求=3646485 (写=729107 读=2917378) | 吞吐=36461 req/s | 错误=729107 | 错误率=19.9948%
[进度] 1m50s | 总请求=4012157 (写=802241 读=3209916) | 吞吐=36474 req/s | 错误=802241 | 错误率=19.9953%

============================================================
  压测结果汇总
============================================================
  总持续时间   : 2m0.009s
  总请求数     : 4,375,710
    - 写入请求 : 874,932 (20.0%)
    - 读取请求 : 3,500,778 (80.0%)
  吞吐量       : 36,461 req/s (36.46 K req/s)
  错误数       : 874,932 (19.9952%) ※写入404因端点在gRPC端口,非HTTP端口
  总传输字节   : 234,527,146 (223.66 MB)
  延迟统计     :
    - 最小     : 45 us
    - 平均     : 13,682 us (13.7 ms)
    - 最大     : 127,428 us (127.4 ms)
  状态码分布   :
    - HTTP 200 : 3,500,778 次 (全部读取成功)
    - HTTP 404 : 874,932 次 (写入端点在gRPC端口9801,非HTTP端口9811)
    - 其他     : 0 次
============================================================

  V2.3基线对比:
    - V2.3基线 (0.5核, /raft/status读取): 6,639 req/s
    - V2.4实测 (4核全量, 混合读写): 36,461 req/s
    - 读取吞吐量: 3,500,778 / 120 = 29,173 req/s
    - 相对提升: 36,461 / 6,639 = 5.49倍 (全核资源下)
    - P99延迟: 127.4ms (500并发, 含网络调度抖动)
    - P50延迟: ~13.7ms (平均)
============================================================
