============================================================================
RaftKV — 鲲鹏物理机最终撤离与资产保全报告
============================================================================
执行时间: 2026-08-25 09:05
触发原因: 鲲鹏物理机环境RH2026072700051将于2026-08-26被回收
服务器: 172.38.3.147 (root SSH免密)

============================================================================
一、从鲲鹏服务器拉取的测试证据 (共16个文件)
============================================================================

[commerce_test目录] - 商业闭环验证证据 (7个文件):
  daemon_iso.log (1585 bytes)
  daemon_output.log (1169 bytes)
  edge_quick_sample.txt (73470 bytes)
  edge_raw_data.log (14403 bytes)
  edge_workload_result.log (2165 bytes)
  stability_24h.log (2848 bytes)
  stability_raw.csv (90202 bytes)

[v24_test_logs目录] - V2.4集群运行日志 (3个文件):
  node-1.log (24842 bytes)
  node-2.log (24811 bytes)
  node-3.log (25164 bytes)

[v22s_cluster_logs目录] - V2.2-S集群日志尾部 (6个文件):
  node-1_tail2000.log (152003 bytes)
  node-2_tail2000.log (154003 bytes)
  node-3_tail2000.log (154003 bytes)
  node-4_tail2000.log (154003 bytes)
  node-5_tail2000.log (154003 bytes)
  relay_agent_tail500.log (39150 bytes)

[V2.4压测结果] - 鲲鹏实机压测数据 (1个文件):
  V2.4_鲲鹏实机压测结果_常规配置.log

============================================================================
二、V2.4鲲鹏实机压测关键数据
============================================================================
  吞吐量: 36,461 req/s (36.46 K req/s)
  总请求: 4,375,710 (120秒, 500并发)
  V2.3基线: 6,639 req/s (0.5核)
  提升倍数: 5.49倍 (4核全量)
  P99延迟: 127.4ms, P50延迟: 13.7ms

============================================================================
三、本地核心资产核对
============================================================================

[1] 桌面: RaftKV_终极商业变现证据包.zip
    存在, 18353 bytes, 08/24/2026 23:02:17 [PASS]

[2] 桌面: RaftKV_终极交付与验证证据包.zip
    存在, 9141462 bytes, 08/22/2026 17:46:57 [PASS]

[3] 桌面: RaftKV_专属技术合伙人系统定义_V2.2-S_终极版.md
    存在, 68017 bytes, 08/24/2026 23:04:33 [PASS]

[4] D盘备份: <BACKUP_DIR>
    存在, 41个文件/目录 [PASS]

[5] V2.3封存: <HOME>\Desktop\V2.3_高端定制版_待售
    存在, 15个文件 [PASS]

[6] V2.4沙箱: <HOME>\Desktop\V2.4_Performance_Sandbox
    存在, 82个.go文件 [PASS]

[7] V2.4报告: V2.4_千万级读写性能冲刺验证报告.log
    存在, 7861 bytes, 已追加实机压测数据 [PASS]

[8] 原引擎: <HOME>\Desktop\RaftKV\raftkv_go_engine
    存在, 未修改 [PASS]

============================================================================
四、服务器清理状态
============================================================================
  V2.4测试进程: 已全部kill -9清理 (0残留)
  V2.2-S集群: 保持运行 (systemctl管理, 环境回收时自动终止)
  测试数据: 已全部拉取到本地, 服务器上数据随环境回收消失

============================================================================
五、最终结论
============================================================================
  所有测试证据已从鲲鹏服务器拉取到本地保全
  本地核心资产(证据包/备份/沙箱/报告)全部完好
  V2.4实机压测数据已补充写入验证报告
  环境回收后不影响任何商业交付
============================================================================
